// Jest Snapshot v1, https://goo.gl/fbAQLP

exports[`ListItem component renders correctly 1`] = `
<View
  accessible={true}
  focusable={true}
  onClick={[Function]}
  onResponderGrant={[Function]}
  onResponderMove={[Function]}
  onResponderRelease={[Function]}
  onResponderTerminate={[Function]}
  onResponderTerminationRequest={[Function]}
  onStartShouldSetResponder={[Function]}
  style={
    Object {
      "alignItems": "center",
      "flexDirection": "row",
      "justifyContent": "space-between",
      "opacity": 1,
      "paddingVertical": 10,
    }
  }
>
  <Text>
    Mobile
  </Text>
  <Text>
    Number
  </Text>
</View>
`;
